[g0dma0.tilda.ws/index.html]
[backblue.gif]
[fade.gif]
[index.html]
[neo.tildacdn.com/js/tilda-fallback-1.0.min.js]
[static.tildacdn.info/css/tilda-grid-3.0.min.css]
[static.tildacdn.info/ws/project12625447/tilda-blocks-page65561001.min1b9e.css]
[static.tildacdn.info/css/tilda-animation-2.0.min.css]
[static.tildacdn.info/js/tilda-polyfill-1.0.min.js]
[static.tildacdn.info/js/tilda-scripts-3.0.min.js]
[g0dma0.tilda.ws/OPR/index.html]
[static.tildacdn.info/ws/project12625447/tilda-blocks-page65561001.min1b9e.js]
[static.tildacdn.info/js/tilda-lazyload-1.0.min.js]
[static.tildacdn.info/js/tilda-animation-2.0.min.js]
[static.tildacdn.info/js/tilda-zero-1.1.min.js]
[static.tildacdn.info/js/tilda-paint-icons.min.js]
[static.tildacdn.info/js/tilda-zero-scale-1.0.min.js]
[static.tildacdn.info/js/tilda-events-1.0.min.js]
[static.tildacdn.info/img/tildacopy.png]
[g0dma0.tilda.ws/index.html]
[static.tildacdn.info/css/tilda-grid-3.0.min.css]
[static.tildacdn.info/ws/project12625447/tilda-blocks-page65561001.min1b9e.css]
[static.tildacdn.info/css/tilda-animation-2.0.min.css]
[ik.imagekit.io/fonts121/packages/jhlst/dist/E4BAACE88FAFE88081E5AE8BE4BD93v2_002/resultdd9d.html]
[g0dma0.tilda.ws/OPR/index.html]
[static.tildacdn.info/js/tilda-stat-1.0.min.js]
